21:55:38 **** Incremental Build of configuration Debug for project STM32F401RE ****
make -j16 all 
arm-none-eabi-gcc "../final project/3_I2c_display_temp_data.c" -mcpu=cortex-m4 -std=gnu11 -g3 -DDEBUG -DSTM32 -DSTM32F401RETx -DSTM32F4 -c -I"D:/Projects/ARM F401xx/FINAL PROJECT/STM32F401RE/drivers/inc" -I"D:/Projects/ARM F401xx/FINAL PROJECT/STM32F401RE/drivers/src" -O0 -ffunction-sections -fdata-sections -Wall -fstack-usage -fcyclomatic-complexity -MMD -MP -MF"final project/3_I2c_display_temp_data.d" -MT"final project/3_I2c_display_temp_data.o" --specs=nano.specs -mfpu=fpv4-sp-d16 -mfloat-abi=hard -mthumb -o "final project/3_I2c_display_temp_data.o"
arm-none-eabi-gcc "../drivers/src/OLED_driver.c" -mcpu=cortex-m4 -std=gnu11 -g3 -DDEBUG -DSTM32 -DSTM32F401RETx -DSTM32F4 -c -I"D:/Projects/ARM F401xx/FINAL PROJECT/STM32F401RE/drivers/inc" -I"D:/Projects/ARM F401xx/FINAL PROJECT/STM32F401RE/drivers/src" -O0 -ffunction-sections -fdata-sections -Wall -fstack-usage -fcyclomatic-complexity -MMD -MP -MF"drivers/src/OLED_driver.d" -MT"drivers/src/OLED_driver.o" --specs=nano.specs -mfpu=fpv4-sp-d16 -mfloat-abi=hard -mthumb -o "drivers/src/OLED_driver.o"
arm-none-eabi-gcc "../drivers/src/dht11_driver.c" -mcpu=cortex-m4 -std=gnu11 -g3 -DDEBUG -DSTM32 -DSTM32F401RETx -DSTM32F4 -c -I"D:/Projects/ARM F401xx/FINAL PROJECT/STM32F401RE/drivers/inc" -I"D:/Projects/ARM F401xx/FINAL PROJECT/STM32F401RE/drivers/src" -O0 -ffunction-sections -fdata-sections -Wall -fstack-usage -fcyclomatic-complexity -MMD -MP -MF"drivers/src/dht11_driver.d" -MT"drivers/src/dht11_driver.o" --specs=nano.specs -mfpu=fpv4-sp-d16 -mfloat-abi=hard -mthumb -o "drivers/src/dht11_driver.o"
arm-none-eabi-gcc "../drivers/src/stm32f446xx_gpio_driver.c" -mcpu=cortex-m4 -std=gnu11 -g3 -DDEBUG -DSTM32 -DSTM32F401RETx -DSTM32F4 -c -I"D:/Projects/ARM F401xx/FINAL PROJECT/STM32F401RE/drivers/inc" -I"D:/Projects/ARM F401xx/FINAL PROJECT/STM32F401RE/drivers/src" -O0 -ffunction-sections -fdata-sections -Wall -fstack-usage -fcyclomatic-complexity -MMD -MP -MF"drivers/src/stm32f446xx_gpio_driver.d" -MT"drivers/src/stm32f446xx_gpio_driver.o" --specs=nano.specs -mfpu=fpv4-sp-d16 -mfloat-abi=hard -mthumb -o "drivers/src/stm32f446xx_gpio_driver.o"
arm-none-eabi-gcc "../drivers/src/stm32f446xx_i2c_driver.c" -mcpu=cortex-m4 -std=gnu11 -g3 -DDEBUG -DSTM32 -DSTM32F401RETx -DSTM32F4 -c -I"D:/Projects/ARM F401xx/FINAL PROJECT/STM32F401RE/drivers/inc" -I"D:/Projects/ARM F401xx/FINAL PROJECT/STM32F401RE/drivers/src" -O0 -ffunction-sections -fdata-sections -Wall -fstack-usage -fcyclomatic-complexity -MMD -MP -MF"drivers/src/stm32f446xx_i2c_driver.d" -MT"drivers/src/stm32f446xx_i2c_driver.o" --specs=nano.specs -mfpu=fpv4-sp-d16 -mfloat-abi=hard -mthumb -o "drivers/src/stm32f446xx_i2c_driver.o"
arm-none-eabi-gcc "../drivers/src/stm32f446xx_rcc_driver.c" -mcpu=cortex-m4 -std=gnu11 -g3 -DDEBUG -DSTM32 -DSTM32F401RETx -DSTM32F4 -c -I"D:/Projects/ARM F401xx/FINAL PROJECT/STM32F401RE/drivers/inc" -I"D:/Projects/ARM F401xx/FINAL PROJECT/STM32F401RE/drivers/src" -O0 -ffunction-sections -fdata-sections -Wall -fstack-usage -fcyclomatic-complexity -MMD -MP -MF"drivers/src/stm32f446xx_rcc_driver.d" -MT"drivers/src/stm32f446xx_rcc_driver.o" --specs=nano.specs -mfpu=fpv4-sp-d16 -mfloat-abi=hard -mthumb -o "drivers/src/stm32f446xx_rcc_driver.o"
arm-none-eabi-gcc "../drivers/src/stm32f446xx_spi_driver.c" -mcpu=cortex-m4 -std=gnu11 -g3 -DDEBUG -DSTM32 -DSTM32F401RETx -DSTM32F4 -c -I"D:/Projects/ARM F401xx/FINAL PROJECT/STM32F401RE/drivers/inc" -I"D:/Projects/ARM F401xx/FINAL PROJECT/STM32F401RE/drivers/src" -O0 -ffunction-sections -fdata-sections -Wall -fstack-usage -fcyclomatic-complexity -MMD -MP -MF"drivers/src/stm32f446xx_spi_driver.d" -MT"drivers/src/stm32f446xx_spi_driver.o" --specs=nano.specs -mfpu=fpv4-sp-d16 -mfloat-abi=hard -mthumb -o "drivers/src/stm32f446xx_spi_driver.o"
arm-none-eabi-gcc "../drivers/src/stm32f446xx_usart_driver.c" -mcpu=cortex-m4 -std=gnu11 -g3 -DDEBUG -DSTM32 -DSTM32F401RETx -DSTM32F4 -c -I"D:/Projects/ARM F401xx/FINAL PROJECT/STM32F401RE/drivers/inc" -I"D:/Projects/ARM F401xx/FINAL PROJECT/STM32F401RE/drivers/src" -O0 -ffunction-sections -fdata-sections -Wall -fstack-usage -fcyclomatic-complexity -MMD -MP -MF"drivers/src/stm32f446xx_usart_driver.d" -MT"drivers/src/stm32f446xx_usart_driver.o" --specs=nano.specs -mfpu=fpv4-sp-d16 -mfloat-abi=hard -mthumb -o "drivers/src/stm32f446xx_usart_driver.o"
arm-none-eabi-gcc -mcpu=cortex-m4 -g3 -DDEBUG -c -I"D:/Projects/ARM F401xx/FINAL PROJECT/STM32F401RE/final project" -I"D:/Projects/ARM F401xx/FINAL PROJECT/STM32F401RE/final project" -x assembler-with-cpp -MMD -MP -MF"Startup/startup_stm32f401retx.d" -MT"Startup/startup_stm32f401retx.o" --specs=nano.specs -mfpu=fpv4-sp-d16 -mfloat-abi=hard -mthumb -o "Startup/startup_stm32f401retx.o" "../Startup/startup_stm32f401retx.s"
arm-none-eabi-gcc "../Src/syscalls.c" -mcpu=cortex-m4 -std=gnu11 -g3 -DDEBUG -DSTM32 -DSTM32F401RETx -DSTM32F4 -c -I"D:/Projects/ARM F401xx/FINAL PROJECT/STM32F401RE/drivers/inc" -I"D:/Projects/ARM F401xx/FINAL PROJECT/STM32F401RE/drivers/src" -O0 -ffunction-sections -fdata-sections -Wall -fstack-usage -fcyclomatic-complexity -MMD -MP -MF"Src/syscalls.d" -MT"Src/syscalls.o" --specs=nano.specs -mfpu=fpv4-sp-d16 -mfloat-abi=hard -mthumb -o "Src/syscalls.o"
arm-none-eabi-gcc "../Src/sysmem.c" -mcpu=cortex-m4 -std=gnu11 -g3 -DDEBUG -DSTM32 -DSTM32F401RETx -DSTM32F4 -c -I"D:/Projects/ARM F401xx/FINAL PROJECT/STM32F401RE/drivers/inc" -I"D:/Projects/ARM F401xx/FINAL PROJECT/STM32F401RE/drivers/src" -O0 -ffunction-sections -fdata-sections -Wall -fstack-usage -fcyclomatic-complexity -MMD -MP -MF"Src/sysmem.d" -MT"Src/sysmem.o" --specs=nano.specs -mfpu=fpv4-sp-d16 -mfloat-abi=hard -mthumb -o "Src/sysmem.o"
arm-none-eabi-gcc -o "STM32F401RE.elf" @"objects.list"   -mcpu=cortex-m4 -T"D:\Projects\ARM F401xx\FINAL PROJECT\STM32F401RE\STM32F401RETX_FLASH.ld" --specs=nosys.specs -Wl,-Map="STM32F401RE.map" -Wl,--gc-sections -static --specs=nano.specs -mfpu=fpv4-sp-d16 -mfloat-abi=hard -mthumb -Wl,--start-group -lc -lm -Wl,--end-group
E:/ST/STM32CubeIDE_2.0.0/STM32CubeIDE/plugins/com.st.stm32cube.ide.mcu.externaltools.gnu-tools-for-stm32.13.3.rel1.win32_1.0.100.202509120712/tools/bin/../lib/gcc/arm-none-eabi/13.3.1/../../../../arm-none-eabi/bin/ld.exe: ./Startup/startup_stm32f401retx.o: in function `Reset_Handler':
D:/Projects/ARM F401xx/FINAL PROJECT/STM32F401RE/Debug/../Startup/startup_stm32f401retx.s:99:(.text.Reset_Handler+0x32): undefined reference to `main'
collect2.exe: error: ld returned 1 exit status
make: *** [makefile:65: STM32F401RE.elf] Error 1
"make -j16 all" terminated with exit code 2. Build might be incomplete.
22:00:30 **** Clean-only build of configuration Debug for project driver ****
make -j16 clean 
rm -rf ./projects/temp.cyclo ./projects/temp.d ./projects/temp.o ./projects/temp.su
rm -rf ./drivers/Src/HCSR04_DRIVER.cyclo ./drivers/Src/HCSR04_DRIVER.d ./drivers/Src/HCSR04_DRIVER.o ./drivers/Src/HCSR04_DRIVER.su ./drivers/Src/STM32F401XX_gpio_driver.cyclo ./drivers/Src/STM32F401XX_gpio_driver.d ./drivers/Src/STM32F401XX_gpio_driver.o ./drivers/Src/STM32F401XX_gpio_driver.su ./drivers/Src/dht11_driver.cyclo ./drivers/Src/dht11_driver.d ./drivers/Src/dht11_driver.o ./drivers/Src/dht11_driver.su ./drivers/Src/stm32f401re_spi_driver.cyclo ./drivers/Src/stm32f401re_spi_driver.d ./drivers/Src/stm32f401re_spi_driver.o ./drivers/Src/stm32f401re_spi_driver.su ./drivers/Src/stm32f401re_usart_driver.cyclo ./drivers/Src/stm32f401re_usart_driver.d ./drivers/Src/stm32f401re_usart_driver.o ./drivers/Src/stm32f401re_usart_driver.su
rm -rf ./Startup/startup_stm32f401retx.d ./Startup/startup_stm32f401retx.o
rm -rf ./Src/syscalls.cyclo ./Src/syscalls.d ./Src/syscalls.o ./Src/syscalls.su ./Src/sysmem.cyclo ./Src/sysmem.d ./Src/sysmem.o ./Src/sysmem.su
rm -rf default.size.stdout driver.elf driver.list driver.map
 
22:00:30 **** Incremental Build of configuration Debug for project driver ****
make -j16 all 
arm-none-eabi-gcc "../projects/temp.c" -mcpu=cortex-m4 -std=gnu11 -g3 -DDEBUG -DNUCLEO_F401RE -DSTM32 -DSTM32F401RETx -DSTM32F4 -c -I../Inc -I"D:/Projects/ARM F401xx/ASSIGNMENT 2/driver/drivers/Inc" -O0 -ffunction-sections -fdata-sections -Wall -fstack-usage -fcyclomatic-complexity -MMD -MP -MF"projects/temp.d" -MT"projects/temp.o" --specs=nano.specs -mfloat-abi=hard -mthumb -o "projects/temp.o"
arm-none-eabi-gcc "../drivers/Src/HCSR04_DRIVER.c" -mcpu=cortex-m4 -std=gnu11 -g3 -DDEBUG -DNUCLEO_F401RE -DSTM32 -DSTM32F401RETx -DSTM32F4 -c -I../Inc -I"D:/Projects/ARM F401xx/ASSIGNMENT 2/driver/drivers/Inc" -O0 -ffunction-sections -fdata-sections -Wall -fstack-usage -fcyclomatic-complexity -MMD -MP -MF"drivers/Src/HCSR04_DRIVER.d" -MT"drivers/Src/HCSR04_DRIVER.o" --specs=nano.specs -mfloat-abi=hard -mthumb -o "drivers/Src/HCSR04_DRIVER.o"
arm-none-eabi-gcc "../drivers/Src/STM32F401XX_gpio_driver.c" -mcpu=cortex-m4 -std=gnu11 -g3 -DDEBUG -DNUCLEO_F401RE -DSTM32 -DSTM32F401RETx -DSTM32F4 -c -I../Inc -I"D:/Projects/ARM F401xx/ASSIGNMENT 2/driver/drivers/Inc" -O0 -ffunction-sections -fdata-sections -Wall -fstack-usage -fcyclomatic-complexity -MMD -MP -MF"drivers/Src/STM32F401XX_gpio_driver.d" -MT"drivers/Src/STM32F401XX_gpio_driver.o" --specs=nano.specs -mfloat-abi=hard -mthumb -o "drivers/Src/STM32F401XX_gpio_driver.o"
arm-none-eabi-gcc "../drivers/Src/dht11_driver.c" -mcpu=cortex-m4 -std=gnu11 -g3 -DDEBUG -DNUCLEO_F401RE -DSTM32 -DSTM32F401RETx -DSTM32F4 -c -I../Inc -I"D:/Projects/ARM F401xx/ASSIGNMENT 2/driver/drivers/Inc" -O0 -ffunction-sections -fdata-sections -Wall -fstack-usage -fcyclomatic-complexity -MMD -MP -MF"drivers/Src/dht11_driver.d" -MT"drivers/Src/dht11_driver.o" --specs=nano.specs -mfloat-abi=hard -mthumb -o "drivers/Src/dht11_driver.o"
arm-none-eabi-gcc "../drivers/Src/stm32f401re_spi_driver.c" -mcpu=cortex-m4 -std=gnu11 -g3 -DDEBUG -DNUCLEO_F401RE -DSTM32 -DSTM32F401RETx -DSTM32F4 -c -I../Inc -I"D:/Projects/ARM F401xx/ASSIGNMENT 2/driver/drivers/Inc" -O0 -ffunction-sections -fdata-sections -Wall -fstack-usage -fcyclomatic-complexity -MMD -MP -MF"drivers/Src/stm32f401re_spi_driver.d" -MT"drivers/Src/stm32f401re_spi_driver.o" --specs=nano.specs -mfloat-abi=hard -mthumb -o "drivers/Src/stm32f401re_spi_driver.o"
arm-none-eabi-gcc "../drivers/Src/stm32f401re_usart_driver.c" -mcpu=cortex-m4 -std=gnu11 -g3 -DDEBUG -DNUCLEO_F401RE -DSTM32 -DSTM32F401RETx -DSTM32F4 -c -I../Inc -I"D:/Projects/ARM F401xx/ASSIGNMENT 2/driver/drivers/Inc" -O0 -ffunction-sections -fdata-sections -Wall -fstack-usage -fcyclomatic-complexity -MMD -MP -MF"drivers/Src/stm32f401re_usart_driver.d" -MT"drivers/Src/stm32f401re_usart_driver.o" --specs=nano.specs -mfloat-abi=hard -mthumb -o "drivers/Src/stm32f401re_usart_driver.o"
arm-none-eabi-gcc -mcpu=cortex-m4 -g3 -DDEBUG -c -x assembler-with-cpp -MMD -MP -MF"Startup/startup_stm32f401retx.d" -MT"Startup/startup_stm32f401retx.o" --specs=nano.specs -mfloat-abi=hard -mthumb -o "Startup/startup_stm32f401retx.o" "../Startup/startup_stm32f401retx.s"
arm-none-eabi-gcc "../Src/syscalls.c" -mcpu=cortex-m4 -std=gnu11 -g3 -DDEBUG -DNUCLEO_F401RE -DSTM32 -DSTM32F401RETx -DSTM32F4 -c -I../Inc -I"D:/Projects/ARM F401xx/ASSIGNMENT 2/driver/drivers/Inc" -O0 -ffunction-sections -fdata-sections -Wall -fstack-usage -fcyclomatic-complexity -MMD -MP -MF"Src/syscalls.d" -MT"Src/syscalls.o" --specs=nano.specs -mfloat-abi=hard -mthumb -o "Src/syscalls.o"
arm-none-eabi-gcc "../Src/sysmem.c" -mcpu=cortex-m4 -std=gnu11 -g3 -DDEBUG -DNUCLEO_F401RE -DSTM32 -DSTM32F401RETx -DSTM32F4 -c -I../Inc -I"D:/Projects/ARM F401xx/ASSIGNMENT 2/driver/drivers/Inc" -O0 -ffunction-sections -fdata-sections -Wall -fstack-usage -fcyclomatic-complexity -MMD -MP -MF"Src/sysmem.d" -MT"Src/sysmem.o" --specs=nano.specs -mfloat-abi=hard -mthumb -o "Src/sysmem.o"
../drivers/Src/dht11_driver.c: In function 'DHT11_Init':
../drivers/Src/dht11_driver.c:4:5: error: 'SysTick' undeclared (first use in this function)
    4 |     SysTick->LOAD = 15; // Set for 1us tick at 16MHz
      |     ^~~~~~~
../drivers/Src/dht11_driver.c:4:5: note: each undeclared identifier is reported only once for each function it appears in
../drivers/Src/dht11_driver.c: In function 'DHT11_Read':
../drivers/Src/dht11_driver.c:15:5: error: unknown type name 'GPIO_Handle_t'; did you mean 'GPIO_handle_t'?
   15 |     GPIO_Handle_t dht_pin = {0};
      |     ^~~~~~~~~~~~~
      |     GPIO_handle_t
../drivers/Src/dht11_driver.c:16:12: error: request for member 'pGPIOx' in something not a structure or union
   16 |     dht_pin.pGPIOx = GPIOA;
      |            ^
../drivers/Src/dht11_driver.c:17:12: error: request for member 'GPIO_PinConfig' in something not a structure or union
   17 |     dht_pin.GPIO_PinConfig.GPIO_PinNumber = GPIO_PIN_NO_1;
      |            ^
../drivers/Src/dht11_driver.c:18:12: error: request for member 'GPIO_PinConfig' in something not a structure or union
   18 |     dht_pin.GPIO_PinConfig.GPIO_PinOPType = GPIO_OP_TYPE_PP;
      |            ^
../drivers/Src/dht11_driver.c:18:45: error: 'GPIO_OP_TYPE_PP' undeclared (first use in this function)
   18 |     dht_pin.GPIO_PinConfig.GPIO_PinOPType = GPIO_OP_TYPE_PP;
      |                                             ^~~~~~~~~~~~~~~
../drivers/Src/dht11_driver.c:19:12: error: request for member 'GPIO_PinConfig' in something not a structure or union
   19 |     dht_pin.GPIO_PinConfig.GPIO_PinSpeed = GPIO_SPEED_FAST;
      |            ^
../drivers/Src/dht11_driver.c:20:12: error: request for member 'GPIO_PinConfig' in something not a structure or union
   20 |     dht_pin.GPIO_PinConfig.GPIO_PinPuPdControl = GPIO_PIN_PU;
      |            ^
../drivers/Src/dht11_driver.c:20:50: error: 'GPIO_PIN_PU' undeclared (first use in this function); did you mean 'GPIO_PIN_SET'?
   20 |     dht_pin.GPIO_PinConfig.GPIO_PinPuPdControl = GPIO_PIN_PU;
      |                                                  ^~~~~~~~~~~
      |                                                  GPIO_PIN_SET
../drivers/Src/dht11_driver.c:23:12: error: request for member 'GPIO_PinConfig' in something not a structure or union
   23 |     dht_pin.GPIO_PinConfig.GPIO_PinMode = GPIO_MODE_OUT;
      |            ^
../drivers/Src/dht11_driver.c:24:15: warning: passing argument 1 of 'GPIO_Init' from incompatible pointer type [-Wincompatible-pointer-types]
   24 |     GPIO_Init(&dht_pin);
      |               ^~~~~~~~
      |               |
      |               int *
In file included from D:/Projects/ARM F401xx/ASSIGNMENT 2/driver/drivers/Inc/dht11_driver.h:5,
                 from ../drivers/Src/dht11_driver.c:1:
D:/Projects/ARM F401xx/ASSIGNMENT 2/driver/drivers/Inc/STM32F401XX_gpio_driver.h:39:31: note: expected 'GPIO_handle_t *' but argument is of type 'int *'
   39 | void GPIO_Init(GPIO_handle_t *pGPIOHandle);
      |                ~~~~~~~~~~~~~~~^~~~~~~~~~~
../drivers/Src/dht11_driver.c:28:17: error: 'SysTick' undeclared (first use in this function)
   28 |         while(!(SysTick->CTRL & (1<<16)));
      |                 ^~~~~~~
../drivers/Src/dht11_driver.c:32:12: error: request for member 'GPIO_PinConfig' in something not a structure or union
   32 |     dht_pin.GPIO_PinConfig.GPIO_PinMode = GPIO_MODE_IN;
      |            ^
../drivers/Src/dht11_driver.c:33:15: warning: passing argument 1 of 'GPIO_Init' from incompatible pointer type [-Wincompatible-pointer-types]
   33 |     GPIO_Init(&dht_pin);
      |               ^~~~~~~~
      |               |
      |               int *
D:/Projects/ARM F401xx/ASSIGNMENT 2/driver/drivers/Inc/STM32F401XX_gpio_driver.h:39:31: note: expected 'GPIO_handle_t *' but argument is of type 'int *'
   39 | void GPIO_Init(GPIO_handle_t *pGPIOHandle);
      |                ~~~~~~~~~~~~~~~^~~~~~~~~~~
../drivers/Src/dht11_driver.c:37:11: warning: implicit declaration of function 'GPIO_ReadFromInputPin'; did you mean 'GPIO_READFromInputPin'? [-Wimplicit-function-declaration]
   37 |     while(GPIO_ReadFromInputPin(GPIOA, GPIO_PIN_NO_1) == 1) {
      |           ^~~~~~~~~~~~~~~~~~~~~
      |           GPIO_READFromInputPin
make: *** [drivers/Src/subdir.mk:31: drivers/Src/dht11_driver.o] Error 1
make: *** Waiting for unfinished jobs....
"make -j16 all" terminated with exit code 2. Build might be incomplete.
