00:52:00 **** Incremental Build of configuration Debug for project driver ****
make -j16 all 
arm-none-eabi-gcc "../projects/temp.c" -mcpu=cortex-m4 -std=gnu11 -g3 -DDEBUG -DNUCLEO_F401RE -DSTM32 -DSTM32F401RETx -DSTM32F4 -c -I../Inc -I"D:/Projects/ARM F401xx/ASSIGNMENT 2/driver/drivers/Inc" -O0 -ffunction-sections -fdata-sections -Wall -fstack-usage -fcyclomatic-complexity -MMD -MP -MF"projects/temp.d" -MT"projects/temp.o" --specs=nano.specs -mfloat-abi=hard -mthumb -o "projects/temp.o"
arm-none-eabi-gcc -o "driver.elf" @"objects.list"   -mcpu=cortex-m4 -T"D:\Projects\ARM F401xx\ASSIGNMENT 2\driver\STM32F401RETX_FLASH.ld" --specs=nosys.specs -Wl,-Map="driver.map" -Wl,--gc-sections -static --specs=nano.specs -mfloat-abi=hard -mthumb -Wl,--start-group -lc -lm -Wl,--end-group
Finished building target: driver.elf
 
arm-none-eabi-size  driver.elf 
arm-none-eabi-objdump -h -S driver.elf  > "driver.list"
   text	   data	    bss	    dec	    hex	filename
   9264	     80	   1952	  11296	   2c20	driver.elf
Finished building: default.size.stdout
 
Finished building: driver.list
 

00:52:03 Build Finished. 0 errors, 0 warnings. (took 2s.567ms)

