00:16:09 **** Clean-only build of configuration Debug for project STM32F401RE ****
make -j16 clean 
rm -rf ./final\ project/3_I2c_display_temp_data.cyclo ./final\ project/3_I2c_display_temp_data.d ./final\ project/3_I2c_display_temp_data.o ./final\ project/3_I2c_display_temp_data.su
rm -rf ./drivers/src/dht11_driver.cyclo ./drivers/src/dht11_driver.d ./drivers/src/dht11_driver.o ./drivers/src/dht11_driver.su ./drivers/src/fonts.cyclo ./drivers/src/fonts.d ./drivers/src/fonts.o ./drivers/src/fonts.su ./drivers/src/ssd1306.cyclo ./drivers/src/ssd1306.d ./drivers/src/ssd1306.o ./drivers/src/ssd1306.su ./drivers/src/stm32f446xx_gpio_driver.cyclo ./drivers/src/stm32f446xx_gpio_driver.d ./drivers/src/stm32f446xx_gpio_driver.o ./drivers/src/stm32f446xx_gpio_driver.su ./drivers/src/stm32f446xx_i2c_driver.cyclo ./drivers/src/stm32f446xx_i2c_driver.d ./drivers/src/stm32f446xx_i2c_driver.o ./drivers/src/stm32f446xx_i2c_driver.su ./drivers/src/stm32f446xx_rcc_driver.cyclo ./drivers/src/stm32f446xx_rcc_driver.d ./drivers/src/stm32f446xx_rcc_driver.o ./drivers/src/stm32f446xx_rcc_driver.su ./drivers/src/stm32f446xx_spi_driver.cyclo ./drivers/src/stm32f446xx_spi_driver.d ./drivers/src/stm32f446xx_spi_driver.o ./drivers/src/stm32f446xx_spi_driver.su ./drivers/src/stm32f446xx_usart_driver.cyclo ./drivers/src/stm32f446xx_usart_driver.d ./drivers/src/stm32f446xx_usart_driver.o ./drivers/src/stm32f446xx_usart_driver.su
rm -rf ./Startup/startup_stm32f401retx.d ./Startup/startup_stm32f401retx.o
rm -rf ./Src/main.cyclo ./Src/main.d ./Src/main.o ./Src/main.su ./Src/syscalls.cyclo ./Src/syscalls.d ./Src/syscalls.o ./Src/syscalls.su ./Src/sysmem.cyclo ./Src/sysmem.d ./Src/sysmem.o ./Src/sysmem.su
rm -rf STM32F401RE.elf STM32F401RE.list STM32F401RE.map default.size.stdout
 
00:52:00 **** Incremental Build of configuration Debug for project driver ****
make -j16 all 
arm-none-eabi-gcc "../projects/temp.c" -mcpu=cortex-m4 -std=gnu11 -g3 -DDEBUG -DNUCLEO_F401RE -DSTM32 -DSTM32F401RETx -DSTM32F4 -c -I../Inc -I"D:/Projects/ARM F401xx/ASSIGNMENT 2/driver/drivers/Inc" -O0 -ffunction-sections -fdata-sections -Wall -fstack-usage -fcyclomatic-complexity -MMD -MP -MF"projects/temp.d" -MT"projects/temp.o" --specs=nano.specs -mfloat-abi=hard -mthumb -o "projects/temp.o"
arm-none-eabi-gcc -o "driver.elf" @"objects.list"   -mcpu=cortex-m4 -T"D:\Projects\ARM F401xx\ASSIGNMENT 2\driver\STM32F401RETX_FLASH.ld" --specs=nosys.specs -Wl,-Map="driver.map" -Wl,--gc-sections -static --specs=nano.specs -mfloat-abi=hard -mthumb -Wl,--start-group -lc -lm -Wl,--end-group
Finished building target: driver.elf
 
arm-none-eabi-size  driver.elf 
arm-none-eabi-objdump -h -S driver.elf  > "driver.list"
   text	   data	    bss	    dec	    hex	filename
   9264	     80	   1952	  11296	   2c20	driver.elf
Finished building: default.size.stdout
 
Finished building: driver.list
 
