23:21:05 **** Incremental Build of configuration Debug for project driver ****
make -j16 all 
arm-none-eabi-gcc "../Src/gpio_toggle.c" -mcpu=cortex-m4 -std=gnu11 -g3 -DDEBUG -DNUCLEO_F401RE -DSTM32 -DSTM32F401RETx -DSTM32F4 -c -I../Inc -I"C:/Users/adler/STM32CubeIDE/workspace_driverdev/driver/drivers/Inc" -O0 -ffunction-sections -fdata-sections -Wall -fstack-usage -fcyclomatic-complexity -MMD -MP -MF"Src/gpio_toggle.d" -MT"Src/gpio_toggle.o" --specs=nano.specs -mfloat-abi=hard -mthumb -o "Src/gpio_toggle.o"
arm-none-eabi-gcc -o "driver.elf" @"objects.list"   -mcpu=cortex-m4 -T"C:\Users\adler\STM32CubeIDE\workspace_driverdev\driver\STM32F401RETX_FLASH.ld" --specs=nosys.specs -Wl,-Map="driver.map" -Wl,--gc-sections -static --specs=nano.specs -mfloat-abi=hard -mthumb -Wl,--start-group -lc -lm -Wl,--end-group
Finished building target: driver.elf
 
arm-none-eabi-size  driver.elf 
arm-none-eabi-objdump -h -S driver.elf  > "driver.list"
   text	   data	    bss	    dec	    hex	filename
   1864	      4	   1572	   3440	    d70	driver.elf
Finished building: default.size.stdout
 
Finished building: driver.list
 
23:21:09 **** Incremental Build of configuration Debug for project driver ****
make -j16 all 
arm-none-eabi-size  driver.elf 
   text	   data	    bss	    dec	    hex	filename
   1864	      4	   1572	   3440	    d70	driver.elf
Finished building: default.size.stdout
 
