01:33:38 **** Incremental Build of configuration Debug for project driver ****
make -j16 all 
arm-none-eabi-gcc "../drivers/Src/STM32F401XX_gpio_driver.c" -mcpu=cortex-m4 -std=gnu11 -g3 -DDEBUG -DNUCLEO_F401RE -DSTM32 -DSTM32F401RETx -DSTM32F4 -c -I../Inc -I"D:/Projects/ARM F401xx/ASSIGNMENT 1/driver/drivers/Inc" -O0 -ffunction-sections -fdata-sections -Wall -fstack-usage -fcyclomatic-complexity -MMD -MP -MF"drivers/Src/STM32F401XX_gpio_driver.d" -MT"drivers/Src/STM32F401XX_gpio_driver.o" --specs=nano.specs -mfloat-abi=hard -mthumb -o "drivers/Src/STM32F401XX_gpio_driver.o"
arm-none-eabi-gcc "../Src/gpio_main.c" -mcpu=cortex-m4 -std=gnu11 -g3 -DDEBUG -DNUCLEO_F401RE -DSTM32 -DSTM32F401RETx -DSTM32F4 -c -I../Inc -I"D:/Projects/ARM F401xx/ASSIGNMENT 1/driver/drivers/Inc" -O0 -ffunction-sections -fdata-sections -Wall -fstack-usage -fcyclomatic-complexity -MMD -MP -MF"Src/gpio_main.d" -MT"Src/gpio_main.o" --specs=nano.specs -mfloat-abi=hard -mthumb -o "Src/gpio_main.o"
arm-none-eabi-gcc -o "driver.elf" @"objects.list"   -mcpu=cortex-m4 -T"D:\Projects\ARM F401xx\ASSIGNMENT 1\driver\STM32F401RETX_FLASH.ld" --specs=nosys.specs -Wl,-Map="driver.map" -Wl,--gc-sections -static --specs=nano.specs -mfloat-abi=hard -mthumb -Wl,--start-group -lc -lm -Wl,--end-group
Finished building target: driver.elf
 
arm-none-eabi-size  driver.elf 
arm-none-eabi-objdump -h -S driver.elf  > "driver.list"
   text	   data	    bss	    dec	    hex	filename
   1008	      4	   1572	   2584	    a18	driver.elf
Finished building: default.size.stdout
 
Finished building: driver.list
 
